This is pdfTeX, Version 3.141592653-2.6-1.40.22 (TeX Live 2022/dev/Debian) (preloaded format=pdflatex 2026.6.1)  6 JUN 2026 12:50
entering extended mode
 restricted \write18 enabled.
 %&-line parsing enabled.
**Expose_PA_BA.tex
(./Expose_PA_BA.tex
LaTeX2e <2021-11-15> patch level 1
L3 programming layer <2022-01-21>
(/usr/share/texlive/texmf-dist/tex/latex/base/article.cls
Document Class: article 2021/10/04 v1.4n Standard LaTeX document class
(/usr/share/texlive/texmf-dist/tex/latex/base/size12.clo
File: size12.clo 2021/10/04 v1.4n Standard LaTeX file (size option)
)
\c@part=\count185
\c@section=\count186
\c@subsection=\count187
\c@subsubsection=\count188
\c@paragraph=\count189
\c@subparagraph=\count190
\c@figure=\count191
\c@table=\count192
\abovecaptionskip=\skip47
\belowcaptionskip=\skip48
\bibindent=\dimen138
)
(/usr/share/texlive/texmf-dist/tex/latex/base/inputenc.sty
Package: inputenc 2021/02/14 v1.3d Input encoding file
\inpenc@prehook=\toks16
\inpenc@posthook=\toks17
)
(/usr/share/texlive/texmf-dist/tex/generic/babel/babel.sty
Package: babel 2022/01/26 3.70 The Babel package
\babel@savecnt=\count193
\U@D=\dimen139
\l@unhyphenated=\language3

(/usr/share/texlive/texmf-dist/tex/generic/babel/txtbabel.def)
\bbl@readstream=\read2
\bbl@dirlevel=\count194
Package babel Info: You haven't specified a language. I'll use 'nil'
(babel)             as the main language. Reported on input line 4299.

(/usr/share/texlive/texmf-dist/tex/generic/babel/nil.ldf
Language: nil 2022/01/26 3.70 Nil language
\l@nil=\language4
))
Package babel Info: Importing data for de
(babel)             from babel-de.ini. Reported on input line 4.
Package babel Info: Hyphen rules for 'de' set to \l@nil
(babel)             (\language4). Reported on input line 4.

(/usr/share/texlive/texmf-dist/tex/latex/base/fontenc.sty
Package: fontenc 2021/04/29 v2.0v Standard LaTeX package
)
(/usr/share/texlive/texmf-dist/tex/latex/geometry/geometry.sty
Package: geometry 2020/01/02 v5.9 Page Geometry

(/usr/share/texlive/texmf-dist/tex/latex/graphics/keyval.sty
Package: keyval 2014/10/28 v1.15 key=value parser (DPC)
\KV@toks@=\toks18
)
(/usr/share/texlive/texmf-dist/tex/generic/iftex/ifvtex.sty
Package: ifvtex 2019/10/25 v1.7 ifvtex legacy package. Use iftex instead.

(/usr/share/texlive/texmf-dist/tex/generic/iftex/iftex.sty
Package: iftex 2020/03/06 v1.0d TeX engine tests
))
\Gm@cnth=\count195
\Gm@cntv=\count196
\c@Gm@tempcnt=\count197
\Gm@bindingoffset=\dimen140
\Gm@wd@mp=\dimen141
\Gm@odd@mp=\dimen142
\Gm@even@mp=\dimen143
\Gm@layoutwidth=\dimen144
\Gm@layoutheight=\dimen145
\Gm@layouthoffset=\dimen146
\Gm@layoutvoffset=\dimen147
\Gm@dimlist=\toks19
)
(/usr/share/texlive/texmf-dist/tex/latex/graphics/graphicx.sty
Package: graphicx 2021/09/16 v1.2d Enhanced LaTeX Graphics (DPC,SPQR)

(/usr/share/texlive/texmf-dist/tex/latex/graphics/graphics.sty
Package: graphics 2021/03/04 v1.4d Standard LaTeX Graphics (DPC,SPQR)

(/usr/share/texlive/texmf-dist/tex/latex/graphics/trig.sty
Package: trig 2021/08/11 v1.11 sin cos tan (DPC)
)
(/usr/share/texlive/texmf-dist/tex/latex/graphics-cfg/graphics.cfg
File: graphics.cfg 2016/06/04 v1.11 sample graphics configuration
)
Package graphics Info: Driver file: pdftex.def on input line 107.

(/usr/share/texlive/texmf-dist/tex/latex/graphics-def/pdftex.def
File: pdftex.def 2020/10/05 v1.2a Graphics/color driver for pdftex
))
\Gin@req@height=\dimen148
\Gin@req@width=\dimen149
)
(/usr/share/texlive/texmf-dist/tex/latex/hyperref/hyperref.sty
Package: hyperref 2021-06-07 v7.00m Hypertext links for LaTeX

(/usr/share/texlive/texmf-dist/tex/generic/ltxcmds/ltxcmds.sty
Package: ltxcmds 2020-05-10 v1.25 LaTeX kernel commands for general use (HO)
)
(/usr/share/texlive/texmf-dist/tex/generic/pdftexcmds/pdftexcmds.sty
Package: pdftexcmds 2020-06-27 v0.33 Utility functions of pdfTeX for LuaTeX (HO
)

(/usr/share/texlive/texmf-dist/tex/generic/infwarerr/infwarerr.sty
Package: infwarerr 2019/12/03 v1.5 Providing info/warning/error messages (HO)
)
Package pdftexcmds Info: \pdf@primitive is available.
Package pdftexcmds Info: \pdf@ifprimitive is available.
Package pdftexcmds Info: \pdfdraftmode found.
)
(/usr/share/texlive/texmf-dist/tex/generic/kvsetkeys/kvsetkeys.sty
Package: kvsetkeys 2019/12/15 v1.18 Key value parser (HO)
)
(/usr/share/texlive/texmf-dist/tex/generic/kvdefinekeys/kvdefinekeys.sty
Package: kvdefinekeys 2019-12-19 v1.6 Define keys (HO)
)
(/usr/share/texlive/texmf-dist/tex/generic/pdfescape/pdfescape.sty
Package: pdfescape 2019/12/09 v1.15 Implements pdfTeX's escape features (HO)
)
(/usr/share/texlive/texmf-dist/tex/latex/hycolor/hycolor.sty
Package: hycolor 2020-01-27 v1.10 Color options for hyperref/bookmark (HO)
)
(/usr/share/texlive/texmf-dist/tex/latex/letltxmacro/letltxmacro.sty
Package: letltxmacro 2019/12/03 v1.6 Let assignment for LaTeX macros (HO)
)
(/usr/share/texlive/texmf-dist/tex/latex/auxhook/auxhook.sty
Package: auxhook 2019-12-17 v1.6 Hooks for auxiliary files (HO)
)
(/usr/share/texlive/texmf-dist/tex/latex/kvoptions/kvoptions.sty
Package: kvoptions 2020-10-07 v3.14 Key value format for package options (HO)
)
\@linkdim=\dimen150
\Hy@linkcounter=\count198
\Hy@pagecounter=\count199

(/usr/share/texlive/texmf-dist/tex/latex/hyperref/pd1enc.def
File: pd1enc.def 2021-06-07 v7.00m Hyperref: PDFDocEncoding definition (HO)
Now handling font encoding PD1 ...
... no UTF-8 mapping file for font encoding PD1
)
(/usr/share/texlive/texmf-dist/tex/latex/hyperref/hyperref-langpatches.def
File: hyperref-langpatches.def 2021-06-07 v7.00m Hyperref: patches for babel la
nguages
)
(/usr/share/texlive/texmf-dist/tex/generic/intcalc/intcalc.sty
Package: intcalc 2019/12/15 v1.3 Expandable calculations with integers (HO)
)
(/usr/share/texlive/texmf-dist/tex/generic/etexcmds/etexcmds.sty
Package: etexcmds 2019/12/15 v1.7 Avoid name clashes with e-TeX commands (HO)
)
\Hy@SavedSpaceFactor=\count266

(/usr/share/texlive/texmf-dist/tex/latex/hyperref/puenc.def
File: puenc.def 2021-06-07 v7.00m Hyperref: PDF Unicode definition (HO)
Now handling font encoding PU ...
... no UTF-8 mapping file for font encoding PU
)
Package hyperref Info: Hyper figures OFF on input line 4192.
Package hyperref Info: Link nesting OFF on input line 4197.
Package hyperref Info: Hyper index ON on input line 4200.
Package hyperref Info: Plain pages OFF on input line 4207.
Package hyperref Info: Backreferencing OFF on input line 4212.
Package hyperref Info: Implicit mode ON; LaTeX internals redefined.
Package hyperref Info: Bookmarks ON on input line 4445.
\c@Hy@tempcnt=\count267

(/usr/share/texlive/texmf-dist/tex/latex/url/url.sty
\Urlmuskip=\muskip16
Package: url 2013/09/16  ver 3.4  Verb mode for urls, etc.
)
LaTeX Info: Redefining \url on input line 4804.
\XeTeXLinkMargin=\dimen151

(/usr/share/texlive/texmf-dist/tex/generic/bitset/bitset.sty
Package: bitset 2019/12/09 v1.3 Handle bit-vector datatype (HO)

(/usr/share/texlive/texmf-dist/tex/generic/bigintcalc/bigintcalc.sty
Package: bigintcalc 2019/12/15 v1.5 Expandable calculations on big integers (HO
)
))
\Fld@menulength=\count268
\Field@Width=\dimen152
\Fld@charsize=\dimen153
Package hyperref Info: Hyper figures OFF on input line 6076.
Package hyperref Info: Link nesting OFF on input line 6081.
Package hyperref Info: Hyper index ON on input line 6084.
Package hyperref Info: backreferencing OFF on input line 6091.
Package hyperref Info: Link coloring OFF on input line 6096.
Package hyperref Info: Link coloring with OCG OFF on input line 6101.
Package hyperref Info: PDF/A mode OFF on input line 6106.
LaTeX Info: Redefining \ref on input line 6146.
LaTeX Info: Redefining \pageref on input line 6150.

(/usr/share/texlive/texmf-dist/tex/latex/base/atbegshi-ltx.sty
Package: atbegshi-ltx 2021/01/10 v1.0c Emulation of the original atbegshi
package with kernel methods
)
\Hy@abspage=\count269
\c@Item=\count270
\c@Hfootnote=\count271
)
Package hyperref Info: Driver (autodetected): hpdftex.

(/usr/share/texlive/texmf-dist/tex/latex/hyperref/hpdftex.def
File: hpdftex.def 2021-06-07 v7.00m Hyperref driver for pdfTeX

(/usr/share/texlive/texmf-dist/tex/latex/base/atveryend-ltx.sty
Package: atveryend-ltx 2020/08/19 v1.0a Emulation of the original atveryend pac
kage
with kernel methods
)
\Fld@listcount=\count272
\c@bookmark@seq@number=\count273

(/usr/share/texlive/texmf-dist/tex/latex/rerunfilecheck/rerunfilecheck.sty
Package: rerunfilecheck 2019/12/05 v1.9 Rerun checks for auxiliary files (HO)

(/usr/share/texlive/texmf-dist/tex/generic/uniquecounter/uniquecounter.sty
Package: uniquecounter 2019/12/15 v1.4 Provide unlimited unique counter (HO)
)
Package uniquecounter Info: New unique counter `rerunfilecheck' on input line 2
86.
)
\Hy@SectionHShift=\skip49
)
(/usr/share/texlive/texmf-dist/tex/latex/pgf/frontendlayer/tikz.sty
(/usr/share/texlive/texmf-dist/tex/latex/pgf/basiclayer/pgf.sty
(/usr/share/texlive/texmf-dist/tex/latex/pgf/utilities/pgfrcs.sty
(/usr/share/texlive/texmf-dist/tex/generic/pgf/utilities/pgfutil-common.tex
\pgfutil@everybye=\toks20
\pgfutil@tempdima=\dimen154
\pgfutil@tempdimb=\dimen155

(/usr/share/texlive/texmf-dist/tex/generic/pgf/utilities/pgfutil-common-lists.t
ex)) (/usr/share/texlive/texmf-dist/tex/generic/pgf/utilities/pgfutil-latex.def
\pgfutil@abb=\box50
) (/usr/share/texlive/texmf-dist/tex/generic/pgf/utilities/pgfrcs.code.tex
(/usr/share/texlive/texmf-dist/tex/generic/pgf/pgf.revision.tex)
Package: pgfrcs 2021/05/15 v3.1.9a (3.1.9a)
))
Package: pgf 2021/05/15 v3.1.9a (3.1.9a)

(/usr/share/texlive/texmf-dist/tex/latex/pgf/basiclayer/pgfcore.sty
(/usr/share/texlive/texmf-dist/tex/latex/pgf/systemlayer/pgfsys.sty
(/usr/share/texlive/texmf-dist/tex/generic/pgf/systemlayer/pgfsys.code.tex
Package: pgfsys 2021/05/15 v3.1.9a (3.1.9a)

(/usr/share/texlive/texmf-dist/tex/generic/pgf/utilities/pgfkeys.code.tex
\pgfkeys@pathtoks=\toks21
\pgfkeys@temptoks=\toks22

(/usr/share/texlive/texmf-dist/tex/generic/pgf/utilities/pgfkeysfiltered.code.t
ex
\pgfkeys@tmptoks=\toks23
))
\pgf@x=\dimen156
\pgf@y=\dimen157
\pgf@xa=\dimen158
\pgf@ya=\dimen159
\pgf@xb=\dimen160
\pgf@yb=\dimen161
\pgf@xc=\dimen162
\pgf@yc=\dimen163
\pgf@xd=\dimen164
\pgf@yd=\dimen165
\w@pgf@writea=\write3
\r@pgf@reada=\read3
\c@pgf@counta=\count274
\c@pgf@countb=\count275
\c@pgf@countc=\count276
\c@pgf@countd=\count277
\t@pgf@toka=\toks24
\t@pgf@tokb=\toks25
\t@pgf@tokc=\toks26
\pgf@sys@id@count=\count278
 (/usr/share/texlive/texmf-dist/tex/generic/pgf/systemlayer/pgf.cfg
File: pgf.cfg 2021/05/15 v3.1.9a (3.1.9a)
)
Driver file for pgf: pgfsys-pdftex.def

(/usr/share/texlive/texmf-dist/tex/generic/pgf/systemlayer/pgfsys-pdftex.def
File: pgfsys-pdftex.def 2021/05/15 v3.1.9a (3.1.9a)

(/usr/share/texlive/texmf-dist/tex/generic/pgf/systemlayer/pgfsys-common-pdf.de
f
File: pgfsys-common-pdf.def 2021/05/15 v3.1.9a (3.1.9a)
)))
(/usr/share/texlive/texmf-dist/tex/generic/pgf/systemlayer/pgfsyssoftpath.code.
tex
File: pgfsyssoftpath.code.tex 2021/05/15 v3.1.9a (3.1.9a)
\pgfsyssoftpath@smallbuffer@items=\count279
\pgfsyssoftpath@bigbuffer@items=\count280
)
(/usr/share/texlive/texmf-dist/tex/generic/pgf/systemlayer/pgfsysprotocol.code.
tex
File: pgfsysprotocol.code.tex 2021/05/15 v3.1.9a (3.1.9a)
)) (/usr/share/texlive/texmf-dist/tex/latex/xcolor/xcolor.sty
Package: xcolor 2021/10/31 v2.13 LaTeX color extensions (UK)

(/usr/share/texlive/texmf-dist/tex/latex/graphics-cfg/color.cfg
File: color.cfg 2016/01/02 v1.6 sample color configuration
)
Package xcolor Info: Driver file: pdftex.def on input line 227.
Package xcolor Info: Model `cmy' substituted by `cmy0' on input line 1352.
Package xcolor Info: Model `hsb' substituted by `rgb' on input line 1356.
Package xcolor Info: Model `RGB' extended on input line 1368.
Package xcolor Info: Model `HTML' substituted by `rgb' on input line 1370.
Package xcolor Info: Model `Hsb' substituted by `hsb' on input line 1371.
Package xcolor Info: Model `tHsb' substituted by `hsb' on input line 1372.
Package xcolor Info: Model `HSB' substituted by `hsb' on input line 1373.
Package xcolor Info: Model `Gray' substituted by `gray' on input line 1374.
Package xcolor Info: Model `wave' substituted by `hsb' on input line 1375.
)
(/usr/share/texlive/texmf-dist/tex/generic/pgf/basiclayer/pgfcore.code.tex
Package: pgfcore 2021/05/15 v3.1.9a (3.1.9a)

(/usr/share/texlive/texmf-dist/tex/generic/pgf/math/pgfmath.code.tex
(/usr/share/texlive/texmf-dist/tex/generic/pgf/math/pgfmathcalc.code.tex
(/usr/share/texlive/texmf-dist/tex/generic/pgf/math/pgfmathutil.code.tex)
(/usr/share/texlive/texmf-dist/tex/generic/pgf/math/pgfmathparser.code.tex
\pgfmath@dimen=\dimen166
\pgfmath@count=\count281
\pgfmath@box=\box51
\pgfmath@toks=\toks27
\pgfmath@stack@operand=\toks28
\pgfmath@stack@operation=\toks29
)
(/usr/share/texlive/texmf-dist/tex/generic/pgf/math/pgfmathfunctions.code.tex
(/usr/share/texlive/texmf-dist/tex/generic/pgf/math/pgfmathfunctions.basic.code
.tex)
(/usr/share/texlive/texmf-dist/tex/generic/pgf/math/pgfmathfunctions.trigonomet
ric.code.tex)
(/usr/share/texlive/texmf-dist/tex/generic/pgf/math/pgfmathfunctions.random.cod
e.tex)
(/usr/share/texlive/texmf-dist/tex/generic/pgf/math/pgfmathfunctions.comparison
.code.tex)
(/usr/share/texlive/texmf-dist/tex/generic/pgf/math/pgfmathfunctions.base.code.
tex)
(/usr/share/texlive/texmf-dist/tex/generic/pgf/math/pgfmathfunctions.round.code
.tex)
(/usr/share/texlive/texmf-dist/tex/generic/pgf/math/pgfmathfunctions.misc.code.
tex)
(/usr/share/texlive/texmf-dist/tex/generic/pgf/math/pgfmathfunctions.integerari
thmetics.code.tex)))
(/usr/share/texlive/texmf-dist/tex/generic/pgf/math/pgfmathfloat.code.tex
\c@pgfmathroundto@lastzeros=\count282
))
(/usr/share/texlive/texmf-dist/tex/generic/pgf/math/pgfint.code.tex)
(/usr/share/texlive/texmf-dist/tex/generic/pgf/basiclayer/pgfcorepoints.code.te
x
File: pgfcorepoints.code.tex 2021/05/15 v3.1.9a (3.1.9a)
\pgf@picminx=\dimen167
\pgf@picmaxx=\dimen168
\pgf@picminy=\dimen169
\pgf@picmaxy=\dimen170
\pgf@pathminx=\dimen171
\pgf@pathmaxx=\dimen172
\pgf@pathminy=\dimen173
\pgf@pathmaxy=\dimen174
\pgf@xx=\dimen175
\pgf@xy=\dimen176
\pgf@yx=\dimen177
\pgf@yy=\dimen178
\pgf@zx=\dimen179
\pgf@zy=\dimen180
)
(/usr/share/texlive/texmf-dist/tex/generic/pgf/basiclayer/pgfcorepathconstruct.
code.tex
File: pgfcorepathconstruct.code.tex 2021/05/15 v3.1.9a (3.1.9a)
\pgf@path@lastx=\dimen181
\pgf@path@lasty=\dimen182
)
(/usr/share/texlive/texmf-dist/tex/generic/pgf/basiclayer/pgfcorepathusage.code
.tex
File: pgfcorepathusage.code.tex 2021/05/15 v3.1.9a (3.1.9a)
\pgf@shorten@end@additional=\dimen183
\pgf@shorten@start@additional=\dimen184
)
(/usr/share/texlive/texmf-dist/tex/generic/pgf/basiclayer/pgfcorescopes.code.te
x
File: pgfcorescopes.code.tex 2021/05/15 v3.1.9a (3.1.9a)
\pgfpic=\box52
\pgf@hbox=\box53
\pgf@layerbox@main=\box54
\pgf@picture@serial@count=\count283
)
(/usr/share/texlive/texmf-dist/tex/generic/pgf/basiclayer/pgfcoregraphicstate.c
ode.tex
File: pgfcoregraphicstate.code.tex 2021/05/15 v3.1.9a (3.1.9a)
\pgflinewidth=\dimen185
)
(/usr/share/texlive/texmf-dist/tex/generic/pgf/basiclayer/pgfcoretransformation
s.code.tex
File: pgfcoretransformations.code.tex 2021/05/15 v3.1.9a (3.1.9a)
\pgf@pt@x=\dimen186
\pgf@pt@y=\dimen187
\pgf@pt@temp=\dimen188
)
(/usr/share/texlive/texmf-dist/tex/generic/pgf/basiclayer/pgfcorequick.code.tex
File: pgfcorequick.code.tex 2021/05/15 v3.1.9a (3.1.9a)
)
(/usr/share/texlive/texmf-dist/tex/generic/pgf/basiclayer/pgfcoreobjects.code.t
ex
File: pgfcoreobjects.code.tex 2021/05/15 v3.1.9a (3.1.9a)
)
(/usr/share/texlive/texmf-dist/tex/generic/pgf/basiclayer/pgfcorepathprocessing
.code.tex
File: pgfcorepathprocessing.code.tex 2021/05/15 v3.1.9a (3.1.9a)
)
(/usr/share/texlive/texmf-dist/tex/generic/pgf/basiclayer/pgfcorearrows.code.te
x
File: pgfcorearrows.code.tex 2021/05/15 v3.1.9a (3.1.9a)
\pgfarrowsep=\dimen189
)
(/usr/share/texlive/texmf-dist/tex/generic/pgf/basiclayer/pgfcoreshade.code.tex
File: pgfcoreshade.code.tex 2021/05/15 v3.1.9a (3.1.9a)
\pgf@max=\dimen190
\pgf@sys@shading@range@num=\count284
\pgf@shadingcount=\count285
)
(/usr/share/texlive/texmf-dist/tex/generic/pgf/basiclayer/pgfcoreimage.code.tex
File: pgfcoreimage.code.tex 2021/05/15 v3.1.9a (3.1.9a)

(/usr/share/texlive/texmf-dist/tex/generic/pgf/basiclayer/pgfcoreexternal.code.
tex
File: pgfcoreexternal.code.tex 2021/05/15 v3.1.9a (3.1.9a)
\pgfexternal@startupbox=\box55
))
(/usr/share/texlive/texmf-dist/tex/generic/pgf/basiclayer/pgfcorelayers.code.te
x
File: pgfcorelayers.code.tex 2021/05/15 v3.1.9a (3.1.9a)
)
(/usr/share/texlive/texmf-dist/tex/generic/pgf/basiclayer/pgfcoretransparency.c
ode.tex
File: pgfcoretransparency.code.tex 2021/05/15 v3.1.9a (3.1.9a)
)
(/usr/share/texlive/texmf-dist/tex/generic/pgf/basiclayer/pgfcorepatterns.code.
tex
File: pgfcorepatterns.code.tex 2021/05/15 v3.1.9a (3.1.9a)
)
(/usr/share/texlive/texmf-dist/tex/generic/pgf/basiclayer/pgfcorerdf.code.tex
File: pgfcorerdf.code.tex 2021/05/15 v3.1.9a (3.1.9a)
)))
(/usr/share/texlive/texmf-dist/tex/generic/pgf/modules/pgfmoduleshapes.code.tex
File: pgfmoduleshapes.code.tex 2021/05/15 v3.1.9a (3.1.9a)
\pgfnodeparttextbox=\box56
) (/usr/share/texlive/texmf-dist/tex/generic/pgf/modules/pgfmoduleplot.code.tex
File: pgfmoduleplot.code.tex 2021/05/15 v3.1.9a (3.1.9a)
)
(/usr/share/texlive/texmf-dist/tex/latex/pgf/compatibility/pgfcomp-version-0-65
.sty
Package: pgfcomp-version-0-65 2021/05/15 v3.1.9a (3.1.9a)
\pgf@nodesepstart=\dimen191
\pgf@nodesepend=\dimen192
)
(/usr/share/texlive/texmf-dist/tex/latex/pgf/compatibility/pgfcomp-version-1-18
.sty
Package: pgfcomp-version-1-18 2021/05/15 v3.1.9a (3.1.9a)
)) (/usr/share/texlive/texmf-dist/tex/latex/pgf/utilities/pgffor.sty
(/usr/share/texlive/texmf-dist/tex/latex/pgf/utilities/pgfkeys.sty
(/usr/share/texlive/texmf-dist/tex/generic/pgf/utilities/pgfkeys.code.tex))
(/usr/share/texlive/texmf-dist/tex/latex/pgf/math/pgfmath.sty
(/usr/share/texlive/texmf-dist/tex/generic/pgf/math/pgfmath.code.tex))
(/usr/share/texlive/texmf-dist/tex/generic/pgf/utilities/pgffor.code.tex
Package: pgffor 2021/05/15 v3.1.9a (3.1.9a)

(/usr/share/texlive/texmf-dist/tex/generic/pgf/math/pgfmath.code.tex)
\pgffor@iter=\dimen193
\pgffor@skip=\dimen194
\pgffor@stack=\toks30
\pgffor@toks=\toks31
))
(/usr/share/texlive/texmf-dist/tex/generic/pgf/frontendlayer/tikz/tikz.code.tex
Package: tikz 2021/05/15 v3.1.9a (3.1.9a)

(/usr/share/texlive/texmf-dist/tex/generic/pgf/libraries/pgflibraryplothandlers
.code.tex
File: pgflibraryplothandlers.code.tex 2021/05/15 v3.1.9a (3.1.9a)
\pgf@plot@mark@count=\count286
\pgfplotmarksize=\dimen195
)
\tikz@lastx=\dimen196
\tikz@lasty=\dimen197
\tikz@lastxsaved=\dimen198
\tikz@lastysaved=\dimen199
\tikz@lastmovetox=\dimen256
\tikz@lastmovetoy=\dimen257
\tikzleveldistance=\dimen258
\tikzsiblingdistance=\dimen259
\tikz@figbox=\box57
\tikz@figbox@bg=\box58
\tikz@tempbox=\box59
\tikz@tempbox@bg=\box60
\tikztreelevel=\count287
\tikznumberofchildren=\count288
\tikznumberofcurrentchild=\count289
\tikz@fig@count=\count290

(/usr/share/texlive/texmf-dist/tex/generic/pgf/modules/pgfmodulematrix.code.tex
File: pgfmodulematrix.code.tex 2021/05/15 v3.1.9a (3.1.9a)
\pgfmatrixcurrentrow=\count291
\pgfmatrixcurrentcolumn=\count292
\pgf@matrix@numberofcolumns=\count293
)
\tikz@expandcount=\count294

(/usr/share/texlive/texmf-dist/tex/generic/pgf/frontendlayer/tikz/libraries/tik
zlibrarytopaths.code.tex
File: tikzlibrarytopaths.code.tex 2021/05/15 v3.1.9a (3.1.9a)
)))
(/usr/share/texlive/texmf-dist/tex/generic/pgf/frontendlayer/tikz/libraries/tik
zlibraryshapes.geometric.code.tex
File: tikzlibraryshapes.geometric.code.tex 2021/05/15 v3.1.9a (3.1.9a)

(/usr/share/texlive/texmf-dist/tex/generic/pgf/libraries/shapes/pgflibraryshape
s.geometric.code.tex
File: pgflibraryshapes.geometric.code.tex 2021/05/15 v3.1.9a (3.1.9a)
))
(/usr/share/texlive/texmf-dist/tex/generic/pgf/libraries/pgflibraryarrows.meta.
code.tex
File: pgflibraryarrows.meta.code.tex 2021/05/15 v3.1.9a (3.1.9a)
\pgfarrowinset=\dimen260
\pgfarrowlength=\dimen261
\pgfarrowwidth=\dimen262
\pgfarrowlinewidth=\dimen263
)
(/usr/share/texlive/texmf-dist/tex/generic/pgf/frontendlayer/tikz/libraries/tik
zlibrarypositioning.code.tex
File: tikzlibrarypositioning.code.tex 2021/05/15 v3.1.9a (3.1.9a)
)
(/usr/share/texlive/texmf-dist/tex/generic/pgf/frontendlayer/tikz/libraries/tik
zlibraryfit.code.tex
File: tikzlibraryfit.code.tex 2021/05/15 v3.1.9a (3.1.9a)
)
(/usr/share/texlive/texmf-dist/tex/generic/pgf/frontendlayer/tikz/libraries/tik
zlibrarybackgrounds.code.tex
File: tikzlibrarybackgrounds.code.tex 2021/05/15 v3.1.9a (3.1.9a)
\pgf@layerbox@background=\box61
\pgf@layerboxsaved@background=\box62
)
(/usr/share/texlive/texmf-dist/tex/latex/enumitem/enumitem.sty
Package: enumitem 2019/06/20 v3.9 Customized lists
\labelindent=\skip50
\enit@outerparindent=\dimen264
\enit@toks=\toks32
\enit@inbox=\box63
\enit@count@id=\count295
\enitdp@description=\count296
)
(/usr/share/texlive/texmf-dist/tex/latex/tools/tabularx.sty
Package: tabularx 2020/01/15 v2.11c `tabularx' package (DPC)

(/usr/share/texlive/texmf-dist/tex/latex/tools/array.sty
Package: array 2021/10/04 v2.5f Tabular extension package (FMi)
\col@sep=\dimen265
\ar@mcellbox=\box64
\extrarowheight=\dimen266
\NC@list=\toks33
\extratabsurround=\skip51
\backup@length=\skip52
\ar@cellbox=\box65
)
\TX@col@width=\dimen267
\TX@old@table=\dimen268
\TX@old@col=\dimen269
\TX@target=\dimen270
\TX@delta=\dimen271
\TX@cols=\count297
\TX@ftn=\toks34
)
(/usr/share/texlive/texmf-dist/tex/latex/amsmath/amsmath.sty
Package: amsmath 2021/10/15 v2.17l AMS math features
\@mathmargin=\skip53

For additional information on amsmath, use the `?' option.
(/usr/share/texlive/texmf-dist/tex/latex/amsmath/amstext.sty
Package: amstext 2021/08/26 v2.01 AMS text

(/usr/share/texlive/texmf-dist/tex/latex/amsmath/amsgen.sty
File: amsgen.sty 1999/11/30 v2.0 generic functions
\@emptytoks=\toks35
\ex@=\dimen272
))
(/usr/share/texlive/texmf-dist/tex/latex/amsmath/amsbsy.sty
Package: amsbsy 1999/11/29 v1.2d Bold Symbols
\pmbraise@=\dimen273
)
(/usr/share/texlive/texmf-dist/tex/latex/amsmath/amsopn.sty
Package: amsopn 2021/08/26 v2.02 operator names
)
\inf@bad=\count298
LaTeX Info: Redefining \frac on input line 234.
\uproot@=\count299
\leftroot@=\count300
LaTeX Info: Redefining \overline on input line 399.
\classnum@=\count301
\DOTSCASE@=\count302
LaTeX Info: Redefining \ldots on input line 496.
LaTeX Info: Redefining \dots on input line 499.
LaTeX Info: Redefining \cdots on input line 620.
\Mathstrutbox@=\box66
\strutbox@=\box67
\big@size=\dimen274
LaTeX Font Info:    Redeclaring font encoding OML on input line 743.
LaTeX Font Info:    Redeclaring font encoding OMS on input line 744.
\macc@depth=\count303
\c@MaxMatrixCols=\count304
\dotsspace@=\muskip17
\c@parentequation=\count305
\dspbrk@lvl=\count306
\tag@help=\toks36
\row@=\count307
\column@=\count308
\maxfields@=\count309
\andhelp@=\toks37
\eqnshift@=\dimen275
\alignsep@=\dimen276
\tagshift@=\dimen277
\tagwidth@=\dimen278
\totwidth@=\dimen279
\lineht@=\dimen280
\@envbody=\toks38
\multlinegap=\skip54
\multlinetaggap=\skip55
\mathdisplay@stack=\toks39
LaTeX Info: Redefining \[ on input line 2938.
LaTeX Info: Redefining \] on input line 2939.
)
(/usr/share/texlive/texmf-dist/tex/latex/float/float.sty
Package: float 2001/11/08 v1.3d Float enhancements (AL)
\c@float@type=\count310
\float@exts=\toks40
\float@box=\box68
\@float@everytoks=\toks41
\@floatcapt=\box69
)
(/usr/share/texlive/texmf-dist/tex/latex/l3backend/l3backend-pdftex.def
File: l3backend-pdftex.def 2022-01-12 L3 backend support: PDF output (pdfTeX)
\l__color_backend_stack_int=\count311
\l__pdf_internal_box=\box70
)
(./Expose_PA_BA.aux)
\openout1 = `Expose_PA_BA.aux'.

LaTeX Font Info:    Checking defaults for OML/cmm/m/it on input line 23.
LaTeX Font Info:    ... okay on input line 23.
LaTeX Font Info:    Checking defaults for OMS/cmsy/m/n on input line 23.
LaTeX Font Info:    ... okay on input line 23.
LaTeX Font Info:    Checking defaults for OT1/cmr/m/n on input line 23.
LaTeX Font Info:    ... okay on input line 23.
LaTeX Font Info:    Checking defaults for T1/cmr/m/n on input line 23.
LaTeX Font Info:    ... okay on input line 23.
LaTeX Font Info:    Checking defaults for TS1/cmr/m/n on input line 23.
LaTeX Font Info:    ... okay on input line 23.
LaTeX Font Info:    Checking defaults for OMX/cmex/m/n on input line 23.
LaTeX Font Info:    ... okay on input line 23.
LaTeX Font Info:    Checking defaults for U/cmr/m/n on input line 23.
LaTeX Font Info:    ... okay on input line 23.
LaTeX Font Info:    Checking defaults for PD1/pdf/m/n on input line 23.
LaTeX Font Info:    ... okay on input line 23.
LaTeX Font Info:    Checking defaults for PU/pdf/m/n on input line 23.
LaTeX Font Info:    ... okay on input line 23.

*geometry* driver: auto-detecting
*geometry* detected driver: pdftex
*geometry* verbose mode - [ preamble ] result:
* driver: pdftex
* paper: a4paper
* layout: <same size as paper>
* layoutoffset:(h,v)=(0.0pt,0.0pt)
* modes: 
* h-part:(L,W,R)=(71.13188pt, 455.24411pt, 71.13188pt)
* v-part:(T,H,B)=(85.35826pt, 674.33032pt, 85.35826pt)
* \paperwidth=597.50787pt
* \paperheight=845.04684pt
* \textwidth=455.24411pt
* \textheight=674.33032pt
* \oddsidemargin=-1.1381pt
* \evensidemargin=-1.1381pt
* \topmargin=-23.91173pt
* \headheight=12.0pt
* \headsep=25.0pt
* \topskip=12.0pt
* \footskip=30.0pt
* \marginparwidth=35.0pt
* \marginparsep=10.0pt
* \columnsep=10.0pt
* \skip\footins=10.8pt plus 4.0pt minus 2.0pt
* \hoffset=0.0pt
* \voffset=0.0pt
* \mag=1000
* \@twocolumnfalse
* \@twosidefalse
* \@mparswitchfalse
* \@reversemarginfalse
* (1in=72.27pt=25.4mm, 1cm=28.453pt)

(/usr/share/texlive/texmf-dist/tex/context/base/mkii/supp-pdf.mkii
[Loading MPS to PDF converter (version 2006.09.02).]
\scratchcounter=\count312
\scratchdimen=\dimen281
\scratchbox=\box71
\nofMPsegments=\count313
\nofMParguments=\count314
\everyMPshowfont=\toks42
\MPscratchCnt=\count315
\MPscratchDim=\dimen282
\MPnumerator=\count316
\makeMPintoPDFobject=\count317
\everyMPtoPDFconversion=\toks43
) (/usr/share/texlive/texmf-dist/tex/latex/epstopdf-pkg/epstopdf-base.sty
Package: epstopdf-base 2020-01-24 v2.11 Base part for package epstopdf
Package epstopdf-base Info: Redefining graphics rule for `.eps' on input line 4
85.

(/usr/share/texlive/texmf-dist/tex/latex/latexconfig/epstopdf-sys.cfg
File: epstopdf-sys.cfg 2010/07/13 v1.3 Configuration of (r)epstopdf for TeX Liv
e
))
Package hyperref Info: Link coloring OFF on input line 23.

(/usr/share/texlive/texmf-dist/tex/latex/hyperref/nameref.sty
Package: nameref 2021-04-02 v2.47 Cross-referencing by name of section

(/usr/share/texlive/texmf-dist/tex/latex/refcount/refcount.sty
Package: refcount 2019/12/15 v3.6 Data extraction from label references (HO)
)
(/usr/share/texlive/texmf-dist/tex/generic/gettitlestring/gettitlestring.sty
Package: gettitlestring 2019/12/15 v1.6 Cleanup title references (HO)
)
\c@section@level=\count318
)
LaTeX Info: Redefining \ref on input line 23.
LaTeX Info: Redefining \pageref on input line 23.
LaTeX Info: Redefining \nameref on input line 23.

(./Expose_PA_BA.out) (./Expose_PA_BA.out)
\@outlinefile=\write4
\openout4 = `Expose_PA_BA.out'.


Overfull \hbox (6.41403pt too wide) in paragraph at lines 28--29
\T1/cmr/m/n/12 Die präzise Erfassung schwer zu modellierender, extrem dünner Ob
jekte (wie Stromerdkabel
 []


Overfull \hbox (46.83206pt too wide) in paragraph at lines 28--29
\T1/cmr/m/n/12 in Baugräben) stellt für klassische photogrammetrische Verfahren
 (SfM) eine groÿe Herausforderung
 []


Overfull \hbox (6.88457pt too wide) in paragraph at lines 28--29
\T1/cmr/m/n/12 dar. Ziel dieser Arbeit ist die Entwicklung und Evaluierung eine
s "Scan-to-BIM"-Workflows,
 []


Overfull \hbox (67.62515pt too wide) in paragraph at lines 30--32
\T1/cmr/m/n/12 mathematische Wahrscheinlichkeitsfunktionen hochgradig detailrei
che, fotorealistische Visualisierungen
 []


Overfull \hbox (23.2307pt too wide) in paragraph at lines 30--32
\T1/cmr/m/it/12 ein objektspezifisches 3DGS-Training (Segment-then-Splat) so op
timieren und georeferenzieren,
 []


Overfull \hbox (52.23741pt too wide) in paragraph at lines 37--38
\T1/cmr/m/n/12 einem UTM-Koordinatensystem vorliegen, um den direkten Import in
 Geoinformationssysteme
 []

[1

{/var/lib/texmf/fonts/map/pdftex/updmap/pdftex.map}]
Overfull \hbox (10.43929pt too wide) in paragraph at lines 47--48
[]\T1/cmr/bx/n/12 COLMAP: \T1/cmr/m/n/12 Generierung der Kameraposen auf Basis 
der \T1/cmr/m/it/12 unmaskierten \T1/cmr/m/n/12 Originalbilder.
 []


Overfull \hbox (40.9874pt too wide) in paragraph at lines 47--48
\T1/cmr/m/n/12 COLMAP. Die rechenintensive dichte Rekonstruktion (MVS) wird vol
lständig übersprungen. 
 []


Overfull \hbox (2.49675pt too wide) in paragraph at lines 49--50
\T1/cmr/m/n/12 STS-Checkpoint und wendet geometrische Regularisierung (DN-Consi
stency, Normal
 []


Overfull \hbox (5.85577pt too wide) in paragraph at lines 50--51
\T1/cmr/m/n/12 wandelt die Oberfläche des Kabel-Sub-Meshes in eine räumliche 1D
-Kurve (Centerline
 []


Overfull \hbox (18.90126pt too wide) in paragraph at lines 54--55
\T1/cmr/m/n/12 Für die Erkennung extrem dünner Kabel in hochauflösenden 4K-Bild
ern bietet sich theoretisch
 []


Overfull \hbox (10.61447pt too wide) in paragraph at lines 54--55
\T1/cmr/m/it/12 Slicing Aided Hyper Inference \T1/cmr/m/n/12 (SAHI) an. SAHI ze
rschneidet das Bild in kleinere Teilbereiche
 []


Overfull \hbox (12.60419pt too wide) in paragraph at lines 56--57
\T1/cmr/bx/n/12 Predictor \T1/cmr/m/n/12 gelegt. Der methodische Nachteil von S
AHI ist die fehlende temporale Konsistenz:
 []


Overfull \hbox (24.14702pt too wide) in paragraph at lines 56--57
\T1/cmr/m/n/12 liefert. SAHI dient in dieser Pipeline lediglich als Fallback-Ro
ute für spezifische Bildausschnitte,
 []

LaTeX Font Info:    Trying to load font information for T1+cmtt on input line 6
0.
(/usr/share/texlive/texmf-dist/tex/latex/base/t1cmtt.fd
File: t1cmtt.fd 2019/12/16 v2.5j Standard LaTeX font definitions
)
Overfull \hbox (28.58907pt too wide) in paragraph at lines 60--61
\T1/cmr/bx/n/12 Mounts (Volumes) \T1/cmr/m/n/12 zentral und persistent auf dem 
Host-System (Windows/Linux) gespeichert
 []

[2]
Overfull \hbox (11.27393pt too wide) in paragraph at lines 62--64
\T1/cmr/m/n/12 an, muss jedoch für manuelle Arbeitsschritte pausieren. Es komme
n fünf dedizierte Container
 []


Overfull \hbox (48.06221pt too wide) in paragraph at lines 66--67
\T1/cmr/m/n/12 Empfängt die SAM 3 Masken und die COLMAP-Kameraposen und führt d
as objektspezifische
 []


Overfull \hbox (18.50662pt too wide) in paragraph at lines 67--68
[]\T1/cmr/bx/n/12 Container D (Meshing): \T1/cmr/m/n/12 Beinhaltet SuGaR. Lädt 
den vortrainierten STS-Checkpoint
 []


Overfull \hbox (6.44722pt too wide) in paragraph at lines 67--68
\T1/cmr/m/n/12 und wendet die geometrische Regularisierung (DN-Consistency) sow
ie Poisson Surface
 []


Overfull \hbox (11.21692pt too wide) in paragraph at lines 67--68
\T1/cmr/m/n/12 Reconstruction an. Wegen tiefer Abhängigkeiten zum \T1/cmtt/m/n/
12 diff-gaussian-rasterization
 []


Overfull \hbox (21.44789pt too wide) in paragraph at lines 67--68
\T1/cmr/m/n/12 Modul wird hier strikt CUDA 11.8 erzwungen. Das intern gefordert
e Conda-Environment
 []


Overfull \hbox (6.54984pt too wide) in paragraph at lines 68--69
[]\T1/cmr/bx/n/12 Container E (Post-Processing): \T1/cmr/m/n/12 Ein reiner \T1/
cmr/bx/n/12 CPU-Container \T1/cmr/m/n/12 (ohne GPU/CUDA-
 []


Overfull \hbox (16.85712pt too wide) in paragraph at lines 68--69
\T1/cmr/m/n/12 Abhängigkeit). Beinhaltet die C++ Bibliothek DGtal sowie die GDA
L-Tools (\T1/cmtt/m/n/12 ogr2ogr\T1/cmr/m/n/12 ).
 []


Overfull \hbox (1.77881pt too wide) in paragraph at lines 68--69
\T1/cmr/m/n/12 Microservice bleibt die Architektur extrem leichtgewichtig, da k
eine massiven Nvidia-
 []


Overfull \hbox (32.90762pt too wide) in paragraph at lines 74--75
[]\T1/cmr/bx/n/12 Speichermanagement: \T1/cmr/m/n/12 Drohnenvideos in 4K bei 60
 FPS erzeugen massive Datenmengen.
 []


Overfull \hbox (26.94365pt too wide) in paragraph at lines 75--79
\T1/cmr/m/n/12 im \T1/cmtt/m/n/12 propagate_in_video\T1/cmr/m/n/12 -Pfad (insb.
 während \T1/cmtt/m/n/12 F.interpolate \T1/cmr/m/n/12 in der Output-Erzeugung).

 []


Overfull \hbox (48.50221pt too wide) in paragraph at lines 75--79
\T1/cmr/m/n/12 Ursache ist die Kombination aus langem Sequenzgedächtnis (Memory
-Modul), fragmentiertem
 []


Overfull \hbox (15.79922pt too wide) in paragraph at lines 75--79
\T1/cmr/m/n/12 Als technische Gegenmaÿnahme wurde die Propagation auf feste Zei
tfenster (Chunking)
 []


Overfull \hbox (2.43016pt too wide) in paragraph at lines 75--79
\T1/cmr/m/n/12 Ein zweiter, davon getrennter Befund ist die \T1/cmr/bx/n/12 Gew
ichts-/Architektur-Konsistenz\T1/cmr/m/n/12 :
 []


Overfull \hbox (29.94142pt too wide) in paragraph at lines 75--79
\T1/cmr/m/n/12 nichtleerer Masken, (ii) temporale Kontinuität über benachbarte 
Frames, (iii) Sichtprüfung
 []


Overfull \hbox (18.28897pt too wide) in paragraph at lines 75--79
\T1/cmr/m/n/12 an Stichproben. Nur bei erfüllten Kriterien werden Masken in Con
tainer C übernommen. 
 []

[3]
Overfull \hbox (93.13985pt too wide) in paragraph at lines 79--88
\T1/cmr/bx/n/12 sequenzielles Vision-Language-Matching\T1/cmr/m/n/12 : Die Akti
vierung von \T1/cmtt/m/n/12 batched_grounding_batch_size
 []


Overfull \hbox (23.93593pt too wide) in paragraph at lines 79--88
\T1/cmtt/m/n/12 TORCH_COMPILE_DISABLE=1 \T1/cmr/m/n/12 deaktiviert, um massive 
RAM/VRAM-Spitzen vorzubeugen.
 []


Overfull \hbox (17.75148pt too wide) in paragraph at lines 79--88
\T1/cmtt/m/n/12 AssertionError: pos_pred_mask.shape[0] == 1 \T1/cmr/m/n/12 bei 
der Chunk-Verarbeitung wurde
 []


Overfull \hbox (7.02632pt too wide) in paragraph at lines 79--88
\T1/cmr/m/n/12 durch Rückkehr zum globalen Video-Inferenz-Modus unter Verwendun
g der Standard-
 []


Overfull \hbox (48.24109pt too wide) in paragraph at lines 79--88
\T1/cmr/m/n/12 Konditionierungsparameter (\T1/cmtt/m/n/12 max_cond_frames_in_at
tn \T1/cmr/m/n/12 unlimitiert) gelöst. (iii) \T1/cmr/bx/n/12 Datensatz-
 []


Overfull \hbox (2.24403pt too wide) in paragraph at lines 79--88
\T1/cmr/m/n/12 ständig ab oder fand schlichtweg gar nichts. Das lag an drei ans
chaulichen Problemen: 
 []


Overfull \hbox (1.17117pt too wide) in paragraph at lines 88--89
\T1/cmr/m/n/12 das zeitaufwendige ^^RVorab-Auswendiglernen^^P ausschalten (\T1/
cmtt/m/n/12 Kompilierung aus\T1/cmr/m/n/12 ),
 []

[4]
Overfull \hbox (6.42694pt too wide) in paragraph at lines 90--91
\T1/cmr/m/n/12 übersetzt diese neue Struktur nun fehlerfrei, wodurch die erzeug
ten Kabelmasken
 []


Overfull \hbox (16.19322pt too wide) in paragraph at lines 92--96
[][]\T1/cmr/bx/n/12 [GELÖST: SAM 3.1 lauffähig nach Laufzeit-Modernisierung, St
and 06/2026][] 
 []


Overfull \hbox (18.63017pt too wide) in paragraph at lines 92--96
\T1/cmr/bx/n/12 explizit fixierte, zu niedrige Python-Laufzeit \T1/cmr/m/n/12 (
vormals Python 3.10) zurückführen.
 []


Overfull \hbox (183.32903pt too wide) in paragraph at lines 92--96
\T1/cmr/m/n/12 eine konsequente \T1/cmr/bx/n/12 Pinnung der gesamten Laufzeit \
T1/cmr/m/n/12 in Container A: \T1/cmtt/m/n/12 nvidia/cuda:12.6.3-cudnn-devel-ub
untu24.04
 []


Overfull \hbox (5.07684pt too wide) in paragraph at lines 92--96
\T1/cmr/m/n/12 Drei konkrete Stolpersteine wurden dabei behoben: (i) Unter Ubun
tu 24.04 verhindert
 []


Overfull \hbox (15.8297pt too wide) in paragraph at lines 92--96
\T1/cmr/m/n/12 die \T1/cmr/m/it/12 externally-managed-environment\T1/cmr/m/n/12
 -Richtlinie (PEP 668) eine direkte \T1/cmtt/m/n/12 pip\T1/cmr/m/n/12 -Installa
tion;
 []


Overfull \hbox (75.03339pt too wide) in paragraph at lines 92--96
\T1/cmr/m/n/12 Video (\T1/cmtt/m/n/12 .mp4\T1/cmr/m/n/12 /\T1/cmtt/m/n/12 .mov\
T1/cmr/m/n/12 ) vorliegt, und nutzt für Bilder den text-geprompteten \T1/cmtt/m
/n/12 build_sam3_image_model
 []


Overfull \hbox (13.5011pt too wide) in paragraph at lines 96--98
\T1/cmr/m/it/12 Training Georeferenzierung\T1/cmr/m/n/12 : Die Open-Source-Soft
ware \T1/cmr/bx/n/12 CloudCompare \T1/cmr/m/n/12 bietet hierfür
 []


Overfull \hbox (21.6143pt too wide) in paragraph at lines 96--98
\T1/cmr/m/n/12 ein ideales GUI. Da CloudCompare intern mit 32-Bit Single-Precis
ion-Gleitkommazahlen
 []


Overfull \hbox (21.32861pt too wide) in paragraph at lines 96--98
\T1/cmr/m/n/12 zu dramatischem Präzisionsverlust ($\OT1/cmr/m/n/12 1$\T1/cmr/m/
n/12 --$\OT1/cmr/m/n/12 10$\T1/cmr/m/n/12 cm). Daher wird eine \T1/cmr/m/it/12 
relative Georeferenzierung
 []


Overfull \hbox (46.24306pt too wide) in paragraph at lines 96--98
\T1/cmr/m/n/12 GCP-Koordinaten manuell zu (\T1/cmr/m/it/12 Point Picking\T1/cmr
/m/n/12 ) und berechnet eine 4x4-Transformationsmatrix
 []


Overfull \hbox (11.86395pt too wide) in paragraph at lines 96--98
\T1/cmr/m/n/12 berechnet danach parallel das rohe, lokale 3D-Mesh. Anstatt jedo
ch das rechenintensive
 []


Overfull \hbox (1.95235pt too wide) in paragraph at lines 96--98
\T1/cmr/m/n/12 mittels der 4x4-Transformationsmatrix multipliziert, um die Rota
tion und Skalierung
 []

[5]
Overfull \hbox (22.74867pt too wide) in paragraph at lines 99--102
\T1/cmr/m/n/12 verursacht das \T1/cmtt/m/n/12 .obj\T1/cmr/m/n/12 -Format bei gr
oÿen UTM-Koordinaten signifikante Präzisionsverluste
 []


Overfull \hbox (18.19753pt too wide) in paragraph at lines 102--103
[]\T1/cmr/bx/n/12 Das analytische Endprodukt (Centerline): \T1/cmr/m/n/12 Da DG
tal (als diskrete Geometrie-
 []


Overfull \hbox (75.56pt too wide) in paragraph at lines 102--103
\T1/cmr/m/n/12 Mesh berechnet. Ein Python-Hilfsskript in Container E wendet die
 4x4-Transformationsmatrix
 []


Overfull \hbox (26.34566pt too wide) in paragraph at lines 102--103
\T1/cmtt/m/n/12 GeoJSON\T1/cmr/m/n/12 ) erfolgt danach Open-Source über den \T1
/cmr/bx/n/12 GDAL/ogr2ogr Post-Processing
 []


Overfull \hbox (41.8542pt too wide) in paragraph at lines 103--104
\T1/cmr/m/n/12 als 3D-Objekt visualisieren möchte, wird das lokale \T1/cmtt/m/n
/12 .obj\T1/cmr/m/n/12 -Mesh vorab (in CloudCompare
 []

[6]
Overfull \hbox (24.20688pt too wide) in paragraph at lines 111--112
\T1/cmr/m/n/12 einhält, werden die Abweichungen zu den hochpräzisen GNSS-Refere
nzmessungen quantifiziert. 
 []


Overfull \hbox (56.77234pt too wide) in paragraph at lines 114--116
[]\T1/cmr/bx/n/12 B-Spline-Referenzkurve: \T1/cmr/m/n/12 Die GNSS-Referenzmessu
ngen liegen als diskrete, dreidimensionale
 []


Overfull \hbox (11.62871pt too wide) in paragraph at lines 114--116
\T1/cmr/bx/n/12 Spline-Kurve (B-Spline) $\OML/cmm/m/it/12 S\OT1/cmr/m/n/12 (\OM
L/cmm/m/it/12 t\OT1/cmr/m/n/12 )$ \T1/cmr/m/n/12 durch die GNSS-Punkte interpol
iert bzw. angenähert.
 []


Overfull \hbox (5.98474pt too wide) in paragraph at lines 121--123
\T1/cmr/m/n/12 Der RMSE gibt Aufschluss über die durchschnittliche systematisch
e und stochastische
 []


Overfull \hbox (34.1947pt too wide) in paragraph at lines 124--126
[]\T1/cmr/bx/n/12 Hausdorff-Distanz: \T1/cmr/m/n/12 Während der RMSE die mittle
re Abweichung beschreibt, identifiziert
 []


Overfull \hbox (8.29095pt too wide) in paragraph at lines 136--138
[]\T1/cmr/bx/n/12 PSNR (Peak Signal-to-Noise Ratio): \T1/cmr/m/n/12 Misst das V
erhältnis zwischen dem maximal
 []


Overfull \hbox (18.51724pt too wide) in paragraph at lines 136--138
\T1/cmr/m/n/12 Höhere Werte (typischerweise $\OML/cmm/m/it/12 > \OT1/cmr/m/n/12
 28 []$ \T1/cmr/m/n/12 im 3DGS) deuten auf eine präzise Rekonstruktion
 []

[7]
Overfull \hbox (13.30255pt too wide) in paragraph at lines 139--141
\T1/cmr/m/n/12 in lokalen Bildbereichen. SSIM liegt zwischen $\OT1/cmr/m/n/12 0
$ \T1/cmr/m/n/12 und $\OT1/cmr/m/n/12 1$ \T1/cmr/m/n/12 (wobei $\OT1/cmr/m/n/12
 1$ \T1/cmr/m/n/12 eine perfekte strukturelle
 []


Overfull \hbox (50.01152pt too wide) in paragraph at lines 139--141
\T1/cmr/m/n/12 Übereinstimmung beschreibt) und entspricht besser der menschlich
en visuellen Wahrnehmung. 
 []


Overfull \hbox (16.36957pt too wide) in paragraph at lines 142--144
[]\T1/cmr/bx/n/12 LPIPS (Learned Perceptual Image Patch Similarity): \T1/cmr/m/
n/12 Nutzt ein tiefes neuronales
 []


Overfull \hbox (21.15338pt too wide) in paragraph at lines 142--144
\T1/cmr/m/n/12 Netzwerk (z.B. VGG), um die perzeptuelle Ähnlichkeit auf Feature
-Ebene zu vergleichen.
 []


Overfull \hbox (29.79137pt too wide) in paragraph at lines 152--153
[]\T1/cmr/bx/n/12 Georeferenzierungs-Pipeline: \T1/cmr/m/n/12 Implementierung d
er Transformationslogik (Berechnung
 []


Overfull \hbox (44.54897pt too wide) in paragraph at lines 169--170
[]\T1/cmr/bx/n/12 GCP-Konfiguration (Anzahl und Verteilung): \T1/cmr/m/n/12 Ver
gleich einer minimalen Konfiguration
 []


Overfull \hbox (93.6675pt too wide) in paragraph at lines 169--170
\T1/cmr/m/n/12 Anordnung untersucht: Lineare Platzierung (entlang des Kabelgrab
ens) versus stufenförmige/Zickzack-
 []

[8]
Overfull \hbox (22.76251pt too wide) in paragraph at lines 170--171
[]\T1/cmr/bx/n/12 Aufnahmeparameter (Flughöhe und Neigungswinkel): \T1/cmr/m/n/
12 Evaluierung des Einflusses
 []


Overfull \hbox (10.86119pt too wide) in paragraph at lines 171--172
[]\T1/cmr/bx/n/12 Segmentierungs- und Tracking-Modelle (Frontend-Vergleich): \T
1/cmr/m/n/12 Systematischer
 []


Overfull \hbox (3.45192pt too wide) in paragraph at lines 172--173
[]\T1/cmr/bx/n/12 Rekonstruktions- und Meshingparameter (STS & SuGaR): \T1/cmr/
m/n/12 Parametertuning
 []


Overfull \hbox (47.91895pt too wide) in paragraph at lines 173--174
[]\T1/cmr/bx/n/12 Kurvenglättung (DGtal-Postprocessing): \T1/cmr/m/n/12 Verglei
ch verschiedener Glättungsalgorithmen
 []

[9]
Overfull \hbox (9.7327pt too wide) in paragraph at lines 251--252
\T1/cmr/m/n/12 Dieses Dokument dient als zentrale Wahrheit (SSOT) für die Insta
llation und Orchestrierung
 []


Overfull \hbox (28.65997pt too wide) in paragraph at lines 251--252
\T1/cmr/m/n/12 der gesamten 5-Container-Pipeline. Es fasst alle Hard- und Softw
are-Abhängigkeiten zusammen,
 []

[10pdfTeX warning (ext4): destination with the same identifier (name{figure.1})
 has been already used, duplicate ignored
<argument> ...shipout:D \box_use:N \l_shipout_box 
                                                  \__shipout_drop_firstpage_...
l.252 
      ]
Overfull \hbox (35.97205pt too wide) in paragraph at lines 266--267
[]\T1/cmr/m/n/12 PyTorch 2.4 or higher (im Setup wird PyTorch mit der passenden
 CUDA-Laufzeitumgebung
 []


Overfull \hbox (33.56285pt too wide) in paragraph at lines 275--276
\T1/cmr/m/n/12 Treibern von COLMAP/SuGaR ständig zu "Layer Mismatches" und Komp
ilierungsfehlern.
 []


Overfull \hbox (92.19585pt too wide) in paragraph at lines 277--278
[]\T1/cmr/bx/n/12 Hardware-Starvation (Host-Safety): \T1/cmr/m/n/12 Das Laden v
on SAM 3.1 in Full-HD (\T1/cmtt/m/n/12 sam3.1_multiplex.pt\T1/cmr/m/n/12 )
 []


Overfull \hbox (30.51497pt too wide) in paragraph at lines 277--278
\T1/cmr/m/n/12 strikt gedrosselt werden (\T1/cmtt/m/n/12 OMP_NUM_THREADS=8\T1/c
mr/m/n/12 ), um Systemabstürze effektiv zu verhindern.
 []


Overfull \hbox (31.55783pt too wide) in paragraph at lines 278--279
\T1/cmr/m/n/12 die Authentifizierung für Gated Models sicher gehandhabt, ohne l
okale Systemumgebungen
 []

[11]
Overfull \hbox (44.80878pt too wide) in paragraph at lines 358--358
[]\T1/cmtt/m/n/12 # Definiere Kernel für Erosion und Dilation (Gröÿe auf Kabeld
urchmesser anpassen)[] 
 []

[12]
Overfull \hbox (13.94131pt too wide) in paragraph at lines 358--358
[]    \T1/cmtt/m/n/12 binary_masks = outputs["out_binary_masks"]  # Shape: [num
_objects, H, W][] 
 []


Overfull \hbox (6.81679pt too wide) in paragraph at lines 361--363
\T1/cmr/m/n/12 Generiert die Kameraposen und die Sparse Point Cloud aus den mas
kierten Drohnenbildern.
 []

[13]
Overfull \hbox (9.12444pt too wide) in paragraph at lines 370--372
\T1/cmr/m/n/12 speichert, welches von CloudCompare nicht direkt gelesen werden 
kann, wird die Punktwolke
 []


Overfull \hbox (13.48863pt too wide) in paragraph at lines 370--372
\T1/cmr/m/n/12 direkt im Anschluss an die Rekonstruktion über den \T1/cmtt/m/n/
12 model_converter \T1/cmr/m/n/12 in eine standardisierte
 []


Overfull \hbox (5.80176pt too wide) in paragraph at lines 397--398
\T1/cmr/m/n/12 Datei \T1/cmtt/m/n/12 points3D.ply \T1/cmr/m/n/12 wird auf dem H
ost-System in CloudCompare geladen, um die manuelle
 []


Overfull \hbox (80.9999pt too wide) in paragraph at lines 397--398
\T1/cmr/m/n/12 Georeferenzierung via GCP-Point-Picking durchzuführen. Nach dem 
Speichern der Transformationsmatrix
 []


Overfull \hbox (5.41539pt too wide) in paragraph at lines 400--401
\T1/cmr/m/n/12 nativen Object-specific Loss ($\OMS/cmsy/m/n/12 L[]$\T1/cmr/m/n/
12 ). Das intern vorgesehene AutoSeg-SAM2 wird vollständig
 []


Overfull \hbox (22.32545pt too wide) in paragraph at lines 400--401
\T1/cmr/m/n/12 angepasst, dass er pro Frame die drei Masken-Dateien (\T1/cmtt/m
/n/12 small.png\T1/cmr/m/n/12 , \T1/cmtt/m/n/12 middle.png\T1/cmr/m/n/12 , \T1/
cmtt/m/n/12 default.png\T1/cmr/m/n/12 )
 []

[14]
Overfull \hbox (44.80878pt too wide) in paragraph at lines 445--445
[]            \T1/cmtt/m/n/12 # Graustufen laden, Normalisieren und als Boolean
-Tensor konvertieren[] 
 []


Overfull \hbox (1.59433pt too wide) in paragraph at lines 445--445
[]            \T1/cmtt/m/n/12 mask_tensor = torch.from_numpy(mask_np).bool() # 
Shape: [H, W][] 
 []


Overfull \hbox (75.67624pt too wide) in paragraph at lines 445--445
[]\T1/cmtt/m/n/12 # viewpoint_cam.object_masks = load_object_masks(f"/data/mask
s/frame_{frame_idx:05d}")[] 
 []


Overfull \hbox (7.76782pt too wide) in paragraph at lines 460--460
[]\T1/cmtt/m/n/12 # STS prüft anhand der default/middle/small Masken die Punkt-
Sichtbarkeiten[] 
 []

[15]
Overfull \hbox (1.11938pt too wide) in paragraph at lines 467--469
\T1/cmr/m/n/12 wäre, wird Miniconda in diesem Container explizit genutzt. Der G
rund: 3DGS-Repositories
 []


Overfull \hbox (4.8047pt too wide) in paragraph at lines 467--469
\T1/cmr/m/n/12 exakte Paket-Versionen. Durch die strikte Nutzung von Conda im D
ocker-Container werden
 []


Overfull \hbox (155.93164pt too wide) in paragraph at lines 524--524
[]\T1/cmtt/m/n/12 RUN wget https://repo.anaconda.com/miniconda/Miniconda3-lates
t-Linux-x86_64.sh -O miniconda.sh && \[] 
 []

[16]
Overfull \hbox (1.59433pt too wide) in paragraph at lines 524--524
[]    \T1/cmtt/m/n/12 conda install -c fvcore -c iopath -c conda-forge fvcore i
opath -y && \[] 
 []


Overfull \hbox (63.32925pt too wide) in paragraph at lines 524--524
[]    \T1/cmtt/m/n/12 conda install -c conda-forge rich plyfile==0.8.1 jupyterl
ab nodejs ipywidgets -y[] 
 []


Overfull \hbox (17.55144pt too wide) in paragraph at lines 529--530
[]\T1/cmr/bx/n/12 Regularisierung: \T1/cmr/m/n/12 Nutze zwingend \T1/cmtt/m/n/1
2 -r "dn_consistency" \T1/cmr/m/n/12 für die beste Mesh-Qualität. 
 []


Overfull \hbox (80.99843pt too wide) in paragraph at lines 530--531
[]\T1/cmr/bx/n/12 Löcher im Mesh: \T1/cmr/m/n/12 Wenn die Mesh-Bereinigung zu a
ggressiv ist, setze \T1/cmtt/m/n/12 vertices_density_quantile
 []


Overfull \hbox (0.475pt too wide) in paragraph at lines 531--532
[]\T1/cmr/bx/n/12 Ellipsoide Artefakte (Bumps): \T1/cmr/m/n/12 Reduziere die Po
isson-Tiefe \T1/cmtt/m/n/12 poisson_depth \T1/cmr/m/n/12 (z.B.
 []


Overfull \hbox (9.21199pt too wide) in paragraph at lines 537--538
\T1/cmr/m/n/12 Führt die Extraktion der Centerline auf dem isolierten Kabel-Sub
-Mesh durch und überführt
 []


Overfull \hbox (8.84543pt too wide) in paragraph at lines 537--538
\T1/cmr/m/n/12 diese in georeferenzierte GIS-Formate (GeoJSON). Da \T1/cmtt/m/n
/12 DGtal \T1/cmr/m/n/12 eine komplexe C++ Bibliothek
 []


Overfull \hbox (5.04349pt too wide) in paragraph at lines 541--542
[]\T1/cmr/bx/n/12 DGtal Release (v2.1): []$\T1/cmtt/m/n/12 https : / / github .
 com / DGtal-[]team / DGtal / releases / tag /
 []

[17]
Overfull \hbox (94.19672pt too wide) in paragraph at lines 574--574
[]\T1/cmtt/m/n/12 # Nachinstallation von GDAL (ogr2ogr) und Python-Paketen über
 ein abgeleitetes Dockerfile[] 
 []


Overfull \hbox (112.7172pt too wide) in paragraph at lines 574--574
[]\T1/cmtt/m/n/12 RUN apt-get update && apt-get install -y gdal-bin libgdal-dev
 python3-pip python3-numpy && \[] 
 []


Overfull \hbox (20.1148pt too wide) in paragraph at lines 574--574
[]\T1/cmtt/m/n/12 docker run -it -v /host/path/data:/data --user=digital dgtal-
gdal:latest bash[] 
 []


Overfull \hbox (125.06418pt too wide) in paragraph at lines 574--574
[]\T1/cmtt/m/n/12 # (Wendet 4x4-Transformationsmatrix an und addiert UTM-Koordi
naten des Anker-GCPs automatisch)[] 
 []


Overfull \hbox (32.46179pt too wide) in paragraph at lines 574--574
[]\T1/cmtt/m/n/12 # 3. Konvertierung des UTM-Ergebnisses in standardisiertes Ge
oJSON (EPSG:25832)[] 
 []


Overfull \hbox (88.02322pt too wide) in paragraph at lines 574--574
[]\T1/cmtt/m/n/12 ogr2ogr -f "GeoJSON" /data/centerline.geojson /data/centerlin
e_utm.csv -a_srs EPSG:25832[] 
 []

[18] (./Expose_PA_BA.aux)
Package rerunfilecheck Info: File `Expose_PA_BA.out' has not changed.
(rerunfilecheck)             Checksum: A4675751B82FEC93C04A717736E27714;3017.
 ) 
Here is how much of TeX's memory you used:
 22854 strings out of 480247
 431543 string characters out of 5896152
 740410 words of memory out of 5000000
 40370 multiletter control sequences out of 15000+600000
 483075 words of font info for 58 fonts, out of 8000000 for 9000
 14 hyphenation exceptions out of 8191
 84i,13n,89p,1267b,943s stack positions out of 5000i,500n,10000p,200000b,80000s
 </home/k66700/.texlive2021/texmf-var/fonts/pk/ljfour/jknappen/ec/ecrm0800.60
0pk> </home/k66700/.texlive2021/texmf-var/fonts/pk/ljfour/jknappen/ec/ectt1200.
600pk> </home/k66700/.texlive2021/texmf-var/fonts/pk/ljfour/jknappen/ec/ecbx144
0.600pk> </home/k66700/.texlive2021/texmf-var/fonts/pk/ljfour/jknappen/ec/ecbx1
200.600pk> </home/k66700/.texlive2021/texmf-var/fonts/pk/ljfour/jknappen/ec/tcr
m1200.600pk> </home/k66700/.texlive2021/texmf-var/fonts/pk/ljfour/jknappen/ec/e
cti1200.600pk> </home/k66700/.texlive2021/texmf-var/fonts/pk/ljfour/jknappen/ec
/ecrm1200.600pk> </home/k66700/.texlive2021/texmf-var/fonts/pk/ljfour/jknappen/
ec/ecbx1728.600pk> </home/k66700/.texlive2021/texmf-var/fonts/pk/ljfour/jknappe
n/ec/ecrm1440.600pk> </home/k66700/.texlive2021/texmf-var/fonts/pk/ljfour/jknap
pen/ec/ecrm2074.600pk> </home/k66700/.texlive2021/texmf-var/fonts/pk/ljfour/jkn
appen/ec/ecbx2074.600pk></usr/share/texlive/texmf-dist/fonts/type1/public/amsfo
nts/cm/cmex10.pfb></usr/share/texlive/texmf-dist/fonts/type1/public/amsfonts/cm
/cmmi12.pfb></usr/share/texlive/texmf-dist/fonts/type1/public/amsfonts/cm/cmmi8
.pfb></usr/share/texlive/texmf-dist/fonts/type1/public/amsfonts/cm/cmr12.pfb></
usr/share/texlive/texmf-dist/fonts/type1/public/amsfonts/cm/cmr8.pfb></usr/shar
e/texlive/texmf-dist/fonts/type1/public/amsfonts/cm/cmsy10.pfb></usr/share/texl
ive/texmf-dist/fonts/type1/public/amsfonts/cm/cmsy8.pfb>
Output written on Expose_PA_BA.pdf (18 pages, 279969 bytes).
PDF statistics:
 752 PDF objects out of 1000 (max. 8388607)
 215 compressed objects within 3 object streams
 49 named destinations out of 1000 (max. 500000)
 109 words of extra memory for PDF output out of 10000 (max. 10000000)

